###############################################################################
#
# IAR ELF Linker V7.80.1.11864/W32 for ARM                19/Nov/2024  15:55:20
# Copyright 2007-2016 IAR Systems AB.
#
#    Output file  =  C:\Users\kuryanovichp\ustest\EWARM\ustest\Exe\ustest.out
#    Map file     =  C:\Users\kuryanovichp\ustest\EWARM\ustest\List\ustest.map
#    Command line =  
#        C:\Users\kuryanovichp\ustest\EWARM\ustest\Obj\main.o
#        C:\Users\kuryanovichp\ustest\EWARM\ustest\Obj\startup_stm32l486xx.o
#        C:\Users\kuryanovichp\ustest\EWARM\ustest\Obj\stm32l4xx_hal.o
#        C:\Users\kuryanovichp\ustest\EWARM\ustest\Obj\stm32l4xx_hal_cortex.o
#        C:\Users\kuryanovichp\ustest\EWARM\ustest\Obj\stm32l4xx_hal_dma.o
#        C:\Users\kuryanovichp\ustest\EWARM\ustest\Obj\stm32l4xx_hal_dma_ex.o
#        C:\Users\kuryanovichp\ustest\EWARM\ustest\Obj\stm32l4xx_hal_exti.o
#        C:\Users\kuryanovichp\ustest\EWARM\ustest\Obj\stm32l4xx_hal_flash.o
#        C:\Users\kuryanovichp\ustest\EWARM\ustest\Obj\stm32l4xx_hal_flash_ex.o
#        C:\Users\kuryanovichp\ustest\EWARM\ustest\Obj\stm32l4xx_hal_flash_ramfunc.o
#        C:\Users\kuryanovichp\ustest\EWARM\ustest\Obj\stm32l4xx_hal_gpio.o
#        C:\Users\kuryanovichp\ustest\EWARM\ustest\Obj\stm32l4xx_hal_i2c.o
#        C:\Users\kuryanovichp\ustest\EWARM\ustest\Obj\stm32l4xx_hal_i2c_ex.o
#        C:\Users\kuryanovichp\ustest\EWARM\ustest\Obj\stm32l4xx_hal_msp.o
#        C:\Users\kuryanovichp\ustest\EWARM\ustest\Obj\stm32l4xx_hal_pwr.o
#        C:\Users\kuryanovichp\ustest\EWARM\ustest\Obj\stm32l4xx_hal_pwr_ex.o
#        C:\Users\kuryanovichp\ustest\EWARM\ustest\Obj\stm32l4xx_hal_rcc.o
#        C:\Users\kuryanovichp\ustest\EWARM\ustest\Obj\stm32l4xx_hal_rcc_ex.o
#        C:\Users\kuryanovichp\ustest\EWARM\ustest\Obj\stm32l4xx_hal_tim.o
#        C:\Users\kuryanovichp\ustest\EWARM\ustest\Obj\stm32l4xx_hal_tim_ex.o
#        C:\Users\kuryanovichp\ustest\EWARM\ustest\Obj\stm32l4xx_hal_uart.o
#        C:\Users\kuryanovichp\ustest\EWARM\ustest\Obj\stm32l4xx_hal_uart_ex.o
#        C:\Users\kuryanovichp\ustest\EWARM\ustest\Obj\stm32l4xx_it.o
#        C:\Users\kuryanovichp\ustest\EWARM\ustest\Obj\system_stm32l4xx.o
#        --redirect _Printf=_PrintfFull --redirect _Scanf=_ScanfFull -o
#        C:\Users\kuryanovichp\ustest\EWARM\ustest\Exe\ustest.out --map
#        C:\Users\kuryanovichp\ustest\EWARM\ustest\List\ustest.map --config
#        C:\Users\kuryanovichp\ustest\EWARM/stm32l486xx_flash.icf --semihosting
#        --entry __iar_program_start --vfe
#
###############################################################################

*******************************************************************************
*** RUNTIME MODEL ATTRIBUTES
***

CppFlavor       = *
__SystemLibrary = DLib


*******************************************************************************
*** PLACEMENT SUMMARY
***

"A0":  place at 0x08000000 { ro section .intvec };
"P1":  place in [from 0x08000000 to 0x080fffff] { ro };
"P2":  place in [from 0x20000000 to 0x20017fff] { rw, block CSTACK, block HEAP };
"P3":  place in [from 0x20000000 to 0x20017fff] {  };
initialize by copy { rw };

  Section            Kind        Address    Size  Object
  -------            ----        -------    ----  ------
"A0":                                      0x188
  .intvec            ro code  0x08000000   0x188  startup_stm32l486xx.o [1]
                            - 0x08000188   0x188

"P1":                                     0x26a4
  .text              ro code  0x08000188   0xaac  stm32l4xx_hal_rcc.o [1]
  .text              ro code  0x08000c34    0x64  stm32l4xx_hal.o [1]
  .text              ro code  0x08000c98     0xc  stm32l4xx_hal.o [1]
  .text              ro code  0x08000ca4    0xa8  stm32l4xx_hal_pwr_ex.o [1]
  .text              ro code  0x08000d4c   0x118  stm32l4xx_hal_cortex.o [1]
  .text              ro code  0x08000e64   0x904  stm32l4xx_hal_uart.o [1]
  .text              ro code  0x08001768    0xd0  stm32l4xx_hal_msp.o [1]
  .text              ro code  0x08001838    0xee  I64DivMod.o [5]
  .text              ro code  0x08001928     0x6  ABImemclr4.o [5]
  .text              ro code  0x08001930   0x7b8  stm32l4xx_hal_rcc_ex.o [1]
  .text              ro code  0x080020e8   0x194  main.o [1]
  .text              ro code  0x0800227c   0x238  stm32l4xx_hal_gpio.o [1]
  .text              ro code  0x080024b4     0x2  I64DivZer.o [5]
  .text              ro code  0x080024b8    0x32  ABImemset48.o [5]
  .text              ro code  0x080024ec    0x24  stm32l4xx_hal.o [1]
  .text              ro code  0x08002510    0x40  zero_init3.o [5]
  .rodata            const    0x08002550    0x30  system_stm32l4xx.o [1]
  .text              ro code  0x08002580    0x2c  copy_init3.o [5]
  .text              ro code  0x080025ac    0x28  data_init.o [5]
  .text              ro code  0x080025d4    0x22  fpinit_M.o [4]
  .iar.init_table    const    0x080025f8    0x24  - Linker created -
  .text              ro code  0x0800261c    0x1a  cmain.o [5]
  .text              ro code  0x08002636     0x4  low_level_init.o [3]
  .text              ro code  0x0800263a     0x4  exit.o [3]
  .text              ro code  0x08002640     0xa  cexit.o [5]
  .text              ro code  0x0800264c    0x14  exit.o [6]
  .text              ro code  0x08002660    0x18  stm32l4xx_hal.o [1]
  .text              ro code  0x08002678    0x18  stm32l4xx_it.o [1]
  .text              ro code  0x08002690    0x14  system_stm32l4xx.o [1]
  .rodata            const    0x080026a4    0x10  system_stm32l4xx.o [1]
  .text              ro code  0x080026b4    0x10  startup_stm32l486xx.o [1]
  .text              ro code  0x080026c4     0xc  cstartup_M.o [5]
  Initializer bytes  const    0x080026d0     0xc  <for P2-P3-1>
  .rodata            const    0x080026dc     0x8  system_stm32l4xx.o [1]
  .text              ro code  0x080026e4     0x4  startup_stm32l486xx.o [1]
  .text              ro code  0x080026e8     0x4  startup_stm32l486xx.o [1]
  .text              ro code  0x080026ec     0x4  startup_stm32l486xx.o [1]
  .text              ro code  0x080026f0     0x4  startup_stm32l486xx.o [1]
  .text              ro code  0x080026f4     0x4  startup_stm32l486xx.o [1]
  .text              ro code  0x080026f8     0x4  startup_stm32l486xx.o [1]
  .text              ro code  0x080026fc     0x4  startup_stm32l486xx.o [1]
  .text              ro code  0x08002700     0x4  startup_stm32l486xx.o [1]
  .text              ro code  0x08002704     0x4  startup_stm32l486xx.o [1]
  .text              ro code  0x08002708     0x4  startup_stm32l486xx.o [1]
  .text              ro code  0x0800270c     0x4  startup_stm32l486xx.o [1]
  .text              ro code  0x08002710     0x4  startup_stm32l486xx.o [1]
  .text              ro code  0x08002714     0x4  startup_stm32l486xx.o [1]
  .text              ro code  0x08002718     0x4  startup_stm32l486xx.o [1]
  .text              ro code  0x0800271c     0x4  startup_stm32l486xx.o [1]
  .text              ro code  0x08002720     0x4  startup_stm32l486xx.o [1]
  .text              ro code  0x08002724     0x4  startup_stm32l486xx.o [1]
  .text              ro code  0x08002728     0x4  startup_stm32l486xx.o [1]
  .text              ro code  0x0800272c     0x4  startup_stm32l486xx.o [1]
  .text              ro code  0x08002730     0x4  startup_stm32l486xx.o [1]
  .text              ro code  0x08002734     0x4  startup_stm32l486xx.o [1]
  .text              ro code  0x08002738     0x4  startup_stm32l486xx.o [1]
  .text              ro code  0x0800273c     0x4  startup_stm32l486xx.o [1]
  .text              ro code  0x08002740     0x4  startup_stm32l486xx.o [1]
  .text              ro code  0x08002744     0x4  startup_stm32l486xx.o [1]
  .text              ro code  0x08002748     0x4  startup_stm32l486xx.o [1]
  .text              ro code  0x0800274c     0x4  startup_stm32l486xx.o [1]
  .text              ro code  0x08002750     0x4  startup_stm32l486xx.o [1]
  .text              ro code  0x08002754     0x4  startup_stm32l486xx.o [1]
  .text              ro code  0x08002758     0x4  startup_stm32l486xx.o [1]
  .text              ro code  0x0800275c     0x4  startup_stm32l486xx.o [1]
  .text              ro code  0x08002760     0x4  startup_stm32l486xx.o [1]
  .text              ro code  0x08002764     0x4  startup_stm32l486xx.o [1]
  .text              ro code  0x08002768     0x4  startup_stm32l486xx.o [1]
  .text              ro code  0x0800276c     0x4  startup_stm32l486xx.o [1]
  .text              ro code  0x08002770     0x4  startup_stm32l486xx.o [1]
  .text              ro code  0x08002774     0x4  startup_stm32l486xx.o [1]
  .text              ro code  0x08002778     0x4  startup_stm32l486xx.o [1]
  .text              ro code  0x0800277c     0x4  startup_stm32l486xx.o [1]
  .text              ro code  0x08002780     0x4  startup_stm32l486xx.o [1]
  .text              ro code  0x08002784     0x4  startup_stm32l486xx.o [1]
  .text              ro code  0x08002788     0x4  startup_stm32l486xx.o [1]
  .text              ro code  0x0800278c     0x4  startup_stm32l486xx.o [1]
  .text              ro code  0x08002790     0x4  startup_stm32l486xx.o [1]
  .text              ro code  0x08002794     0x4  startup_stm32l486xx.o [1]
  .text              ro code  0x08002798     0x4  startup_stm32l486xx.o [1]
  .text              ro code  0x0800279c     0x4  startup_stm32l486xx.o [1]
  .text              ro code  0x080027a0     0x4  startup_stm32l486xx.o [1]
  .text              ro code  0x080027a4     0x4  startup_stm32l486xx.o [1]
  .text              ro code  0x080027a8     0x4  startup_stm32l486xx.o [1]
  .text              ro code  0x080027ac     0x4  startup_stm32l486xx.o [1]
  .text              ro code  0x080027b0     0x4  startup_stm32l486xx.o [1]
  .text              ro code  0x080027b4     0x4  startup_stm32l486xx.o [1]
  .text              ro code  0x080027b8     0x4  startup_stm32l486xx.o [1]
  .text              ro code  0x080027bc     0x4  startup_stm32l486xx.o [1]
  .text              ro code  0x080027c0     0x4  startup_stm32l486xx.o [1]
  .text              ro code  0x080027c4     0x4  startup_stm32l486xx.o [1]
  .text              ro code  0x080027c8     0x4  startup_stm32l486xx.o [1]
  .text              ro code  0x080027cc     0x4  startup_stm32l486xx.o [1]
  .text              ro code  0x080027d0     0x4  startup_stm32l486xx.o [1]
  .text              ro code  0x080027d4     0x4  startup_stm32l486xx.o [1]
  .text              ro code  0x080027d8     0x4  startup_stm32l486xx.o [1]
  .text              ro code  0x080027dc     0x4  startup_stm32l486xx.o [1]
  .text              ro code  0x080027e0     0x4  startup_stm32l486xx.o [1]
  .text              ro code  0x080027e4     0x4  startup_stm32l486xx.o [1]
  .text              ro code  0x080027e8     0x4  startup_stm32l486xx.o [1]
  .text              ro code  0x080027ec     0x4  startup_stm32l486xx.o [1]
  .text              ro code  0x080027f0     0x4  startup_stm32l486xx.o [1]
  .text              ro code  0x080027f4     0x4  startup_stm32l486xx.o [1]
  .text              ro code  0x080027f8     0x4  startup_stm32l486xx.o [1]
  .text              ro code  0x080027fc     0x4  startup_stm32l486xx.o [1]
  .text              ro code  0x08002800     0x4  startup_stm32l486xx.o [1]
  .text              ro code  0x08002804     0x4  startup_stm32l486xx.o [1]
  .text              ro code  0x08002808     0x4  startup_stm32l486xx.o [1]
  .text              ro code  0x0800280c     0x4  startup_stm32l486xx.o [1]
  .text              ro code  0x08002810     0x4  startup_stm32l486xx.o [1]
  .text              ro code  0x08002814     0x4  startup_stm32l486xx.o [1]
  .text              ro code  0x08002818     0x4  startup_stm32l486xx.o [1]
  .text              ro code  0x0800281c     0x4  startup_stm32l486xx.o [1]
  .text              ro code  0x08002820     0x4  startup_stm32l486xx.o [1]
  .text              ro code  0x08002824     0x4  startup_stm32l486xx.o [1]
  .text              ro code  0x08002828     0x4  startup_stm32l486xx.o [1]
  .rodata            const    0x0800282c     0x0  zero_init3.o [5]
  .rodata            const    0x0800282c     0x0  copy_init3.o [5]
                            - 0x0800282c  0x26a4

"P2-P3", part 1 of 3:                        0xc
  P2-P3-1                     0x20000000     0x9  <Init block>
    .data            inited   0x20000000     0x4  stm32l4xx_hal.o [1]
    .data            inited   0x20000004     0x4  system_stm32l4xx.o [1]
    .data            inited   0x20000008     0x1  stm32l4xx_hal.o [1]
                            - 0x20000009     0x9

"P2-P3", part 2 of 3:                      0x400
  CSTACK                      0x20000010   0x400  <Block>
    CSTACK           uninit   0x20000010   0x400  <Block tail>
                            - 0x20000410   0x400

"P2-P3", part 3 of 3:                       0x98
  .bss               zero     0x20000410    0x88  main.o [1]
  .bss               zero     0x20000498     0x8  main.o [1]
  .bss               zero     0x200004a0     0x4  stm32l4xx_hal.o [1]
  .bss               zero     0x200004a4     0x1  main.o [1]
                            - 0x200004a5    0x95


*******************************************************************************
*** INIT TABLE
***

          Address     Size
          -------     ----
Zero (__iar_zero_init3)
    1 destination range, total size 0x95:
          0x20000410  0x95

Copy (__iar_copy_init3)
    1 source range, total size 0xc (133% of destination):
          0x080026d0   0xc
    1 destination range, total size 0x9:
          0x20000000   0x9



*******************************************************************************
*** MODULE SUMMARY
***

    Module                  ro code  ro data  rw data
    ------                  -------  -------  -------
C:\Users\kuryanovichp\ustest\EWARM\ustest\Obj: [1]
    main.o                      404               145
    startup_stm32l486xx.o       736
    stm32l4xx_hal.o             172        5        9
    stm32l4xx_hal_cortex.o      280
    stm32l4xx_hal_gpio.o        568
    stm32l4xx_hal_msp.o         208
    stm32l4xx_hal_pwr_ex.o      168
    stm32l4xx_hal_rcc.o       2 732
    stm32l4xx_hal_rcc_ex.o    1 976
    stm32l4xx_hal_uart.o      2 308
    stm32l4xx_it.o               24
    system_stm32l4xx.o           20       76        4
    -------------------------------------------------
    Total:                    9 596       81      158

command line: [2]
    -------------------------------------------------
    Total:

dl7M_tln.a: [3]
    exit.o                        4
    low_level_init.o              4
    -------------------------------------------------
    Total:                        8

m7M_tls.a: [4]
    fpinit_M.o                   34
    -------------------------------------------------
    Total:                       34

rt7M_tl.a: [5]
    ABImemclr4.o                  6
    ABImemset48.o                50
    I64DivMod.o                 238
    I64DivZer.o                   2
    cexit.o                      10
    cmain.o                      26
    copy_init3.o                 44
    cstartup_M.o                 12
    data_init.o                  40
    zero_init3.o                 64
    -------------------------------------------------
    Total:                      492

shb_l.a: [6]
    exit.o                       20
    -------------------------------------------------
    Total:                       20

    Gaps                         12        2
    Linker created                        39    1 024
-----------------------------------------------------
    Grand Total:             10 162      122    1 182


*******************************************************************************
*** ENTRY LIST
***

Entry                      Address   Size  Type      Object
-----                      -------   ----  ----      ------
.iar.init_table$$Base   0x080025f8          --   Gb  - Linker created -
.iar.init_table$$Limit  0x0800261c          --   Gb  - Linker created -
?main                   0x0800261d         Code  Gb  cmain.o [5]
AHBPrescTable           0x080026a4   0x10  Data  Gb  system_stm32l4xx.o [1]
APBPrescTable           0x080026dc    0x8  Data  Gb  system_stm32l4xx.o [1]
BusFault_Handler        0x0800267f    0x2  Code  Gb  stm32l4xx_it.o [1]
CSTACK$$Base            0x20000010          --   Gb  - Linker created -
CSTACK$$Limit           0x20000410          --   Gb  - Linker created -
DebugMon_Handler        0x08002685    0x2  Code  Gb  stm32l4xx_it.o [1]
Error_Handler           0x08002279    0x4  Code  Gb  main.o [1]
HAL_GPIO_Init           0x0800227d  0x1f4  Code  Gb  stm32l4xx_hal_gpio.o [1]
HAL_GPIO_WritePin       0x08002471   0x12  Code  Gb  stm32l4xx_hal_gpio.o [1]
HAL_GetTick             0x08000c99    0xc  Code  Wk  stm32l4xx_hal.o [1]
HAL_IncTick             0x08002661   0x18  Code  Wk  stm32l4xx_hal.o [1]
HAL_Init                0x080024ed   0x24  Code  Gb  stm32l4xx_hal.o [1]
HAL_InitTick            0x08000c35   0x64  Code  Wk  stm32l4xx_hal.o [1]
HAL_MspInit             0x08001769   0x36  Code  Gb  stm32l4xx_hal_msp.o [1]
HAL_NVIC_SetPriority    0x08000e15   0x26  Code  Gb  stm32l4xx_hal_cortex.o [1]
HAL_NVIC_SetPriorityGrouping
                        0x08000e09    0xc  Code  Gb  stm32l4xx_hal_cortex.o [1]
HAL_PWREx_ControlVoltageScaling
                        0x08000cb1   0x8a  Code  Gb  stm32l4xx_hal_pwr_ex.o [1]
HAL_PWREx_GetVoltageRange
                        0x08000ca5    0xc  Code  Gb  stm32l4xx_hal_pwr_ex.o [1]
HAL_RCCEx_PeriphCLKConfig
                        0x08001931  0x492  Code  Gb  stm32l4xx_hal_rcc_ex.o [1]
HAL_RCC_ClockConfig     0x0800086f  0x1ae  Code  Gb  stm32l4xx_hal_rcc.o [1]
HAL_RCC_GetHCLKFreq     0x08000b17    0x6  Code  Gb  stm32l4xx_hal_rcc.o [1]
HAL_RCC_GetPCLK1Freq    0x08000b1d   0x1a  Code  Gb  stm32l4xx_hal_rcc.o [1]
HAL_RCC_GetPCLK2Freq    0x08000b37   0x1a  Code  Gb  stm32l4xx_hal_rcc.o [1]
HAL_RCC_GetSysClockFreq
                        0x08000a1d   0xfa  Code  Gb  stm32l4xx_hal_rcc.o [1]
HAL_RCC_OscConfig       0x08000189  0x6e6  Code  Gb  stm32l4xx_hal_rcc.o [1]
HAL_SYSTICK_Config      0x08000e3b    0xc  Code  Gb  stm32l4xx_hal_cortex.o [1]
HAL_UART_Init           0x08000e65   0x7a  Code  Gb  stm32l4xx_hal_uart.o [1]
HAL_UART_MspInit        0x0800179f   0x84  Code  Gb  stm32l4xx_hal_msp.o [1]
HAL_UART_Receive        0x08000faf  0x12c  Code  Gb  stm32l4xx_hal_uart.o [1]
HAL_UART_Transmit       0x08000edf   0xd0  Code  Gb  stm32l4xx_hal_uart.o [1]
HardFault_Handler       0x0800267b    0x2  Code  Gb  stm32l4xx_it.o [1]
MSIRangeTable           0x08002550   0x30  Data  Gb  system_stm32l4xx.o [1]
MX_GPIO_Init            0x080021ff   0x62  Code  Lc  main.o [1]
MX_USART2_UART_Init     0x080021af   0x50  Code  Lc  main.o [1]
MemManage_Handler       0x0800267d    0x2  Code  Gb  stm32l4xx_it.o [1]
NMI_Handler             0x08002679    0x2  Code  Gb  stm32l4xx_it.o [1]
NVIC_EncodePriority     0x08000d9b   0x3e  Code  Lc  stm32l4xx_hal_cortex.o [1]
PendSV_Handler          0x08002687    0x2  Code  Gb  stm32l4xx_it.o [1]
RCCEx_PLLSAI1_Config    0x08001dd9  0x1a0  Code  Lc  stm32l4xx_hal_rcc_ex.o [1]
RCCEx_PLLSAI2_Config    0x08001f79  0x152  Code  Lc  stm32l4xx_hal_rcc_ex.o [1]
RCC_SetFlashLatencyFromMSIRange
                        0x08000b65   0x9a  Code  Lc  stm32l4xx_hal_rcc.o [1]
Region$$Table$$Base     0x080025f8          --   Gb  - Linker created -
Region$$Table$$Limit    0x0800261c          --   Gb  - Linker created -
SVC_Handler             0x08002683    0x2  Code  Gb  stm32l4xx_it.o [1]
SysTick_Config          0x08000dd9   0x30  Code  Lc  stm32l4xx_hal_cortex.o [1]
SysTick_Handler         0x08002689    0x8  Code  Gb  stm32l4xx_it.o [1]
SystemClock_Config      0x08002141   0x6e  Code  Gb  main.o [1]
SystemCoreClock         0x20000004    0x4  Data  Gb  system_stm32l4xx.o [1]
SystemInit              0x08002691    0xe  Code  Gb  system_stm32l4xx.o [1]
UART_AdvFeatureConfig   0x080014a1   0xda  Code  Gb  stm32l4xx_hal_uart.o [1]
UART_CheckIdleState     0x0800157b   0xd0  Code  Gb  stm32l4xx_hal_uart.o [1]
UART_EndRxTransfer      0x080016e3   0x60  Code  Lc  stm32l4xx_hal_uart.o [1]
UART_SetConfig          0x080010db  0x3c6  Code  Gb  stm32l4xx_hal_uart.o [1]
UART_WaitOnFlagUntilTimeout
                        0x0800164b   0x98  Code  Gb  stm32l4xx_hal_uart.o [1]
UsageFault_Handler      0x08002681    0x2  Code  Gb  stm32l4xx_it.o [1]
__NVIC_GetPriorityGrouping
                        0x08000d6b    0xa  Code  Lc  stm32l4xx_hal_cortex.o [1]
__NVIC_SetPriority      0x08000d75   0x26  Code  Lc  stm32l4xx_hal_cortex.o [1]
__NVIC_SetPriorityGrouping
                        0x08000d4d   0x1e  Code  Lc  stm32l4xx_hal_cortex.o [1]
__aeabi_ldiv0           0x080024b5         Code  Gb  I64DivZer.o [5]
__aeabi_memclr4         0x08001929         Code  Gb  ABImemclr4.o [5]
__aeabi_uldivmod        0x08001839         Code  Gb  I64DivMod.o [5]
__cmain                 0x0800261d         Code  Gb  cmain.o [5]
__exit                  0x0800264d   0x14  Code  Gb  exit.o [6]
__iar_Memset4_word      0x080024b9         Code  Gb  ABImemset48.o [5]
__iar_Memset8_word      0x080024b9         Code  Gb  ABImemset48.o [5]
__iar_copy_init3        0x08002581   0x2c  Code  Gb  copy_init3.o [5]
__iar_data_init3        0x080025ad   0x28  Code  Gb  data_init.o [5]
__iar_init_vfp          0x080025d5         Code  Gb  fpinit_M.o [4]
__iar_program_start     0x080026c5         Code  Gb  cstartup_M.o [5]
__iar_zero_init3        0x08002511   0x40  Code  Gb  zero_init3.o [5]
__low_level_init        0x08002637    0x4  Code  Gb  low_level_init.o [3]
__vector_table          0x08000000         Data  Gb  startup_stm32l486xx.o [1]
_call_main              0x08002629         Code  Gb  cmain.o [5]
_exit                   0x08002641         Code  Gb  cexit.o [5]
_main                   0x08002633         Code  Gb  cmain.o [5]
counter                 0x200004a4    0x1  Data  Gb  main.o [1]
exit                    0x0800263b    0x4  Code  Gb  exit.o [3]
huart2                  0x20000410   0x88  Data  Gb  main.o [1]
main                    0x080020e9   0x58  Code  Gb  main.o [1]
str                     0x20000498    0x8  Data  Gb  main.o [1]
uwTick                  0x200004a0    0x4  Data  Gb  stm32l4xx_hal.o [1]
uwTickFreq              0x20000008    0x1  Data  Gb  stm32l4xx_hal.o [1]
uwTickPrio              0x20000000    0x4  Data  Gb  stm32l4xx_hal.o [1]


[1] = C:\Users\kuryanovichp\ustest\EWARM\ustest\Obj
[2] = command line
[3] = dl7M_tln.a
[4] = m7M_tls.a
[5] = rt7M_tl.a
[6] = shb_l.a

  10 162 bytes of readonly  code memory
     122 bytes of readonly  data memory
   1 182 bytes of readwrite data memory

Errors: none
Warnings: none
